
[TestCommandErrorErrorCauseOnlyWhenMessageEmpty - 1]
boom
---

[TestCommandErrorErrorMessageAndCauseConcatenatedWhenDistinct - 1]
normalized: original failure
---

[TestCommandErrorErrorMessageRetainedWhenAlreadyIncludesCause - 1]
boom: original failure
---

[TestExecutorExecuteInvalidSubcommand - 1]
unknown command "invalid" for "test"
Run 'test --help' for usage.
---
