
[TestListCmd_AllProviders - 1]
PROVIDER=docker NAME=test-cluster, NAME=test-cluster, NAME=test-cluster

---

[TestListCmd_MultipleClustersFound_DockerProvider - 1]
PROVIDER=docker NAME=cluster-1, NAME=cluster-2, NAME=cluster-3, NAME=cluster-1, NAME=cluster-2, NAME=cluster-3, NAME=cluster-1, NAME=cluster-2, NAME=cluster-3

---

[TestListCmd_NoClusterFound_DockerProvider - 1]
No clusters found.

---

[TestListCmd_SingleClusterFound_DockerProvider - 1]
PROVIDER=docker NAME=test-cluster, NAME=test-cluster, NAME=test-cluster

---

