
[TestListCmd_AllProviders - 1]
docker: test-cluster, test-cluster, test-cluster, test-cluster

---

[TestListCmd_MultipleClustersFound_DockerProvider - 1]
docker: cluster-1, cluster-2, cluster-3, cluster-1, cluster-2, cluster-3, cluster-1, cluster-2, cluster-3, cluster-1, cluster-2, cluster-3

---

[TestListCmd_NoClusterFound_DockerProvider - 1]
No clusters found.

---

[TestListCmd_SingleClusterFound_DockerProvider - 1]
docker: test-cluster, test-cluster, test-cluster, test-cluster

---
