
[TestGetDefaultKubeconfigPath - 1]
/.kube/config
---

[TestGetKubeconfigPathFromConfig/returns_config_path_when_specified - 1]
/custom/kubeconfig
---

[TestGetKubeconfigPathFromConfig/returns_default_when_config_path_is_empty - 1]
HOME/.kube/config
---

[TestGetKubeconfigPathFromConfig/expands_tilde_in_config_path - 1]
HOME/.kube/my-config
---
