
[TestValidateCmdShowsHelp - 1]
Validate Kubernetes manifest files and kustomizations using kubeconform.

This command validates individual YAML files and kustomizations in the specified path.
If no path is provided, the path is resolved in order:
  1. spec.workload.sourceDirectory from ksail.yaml (if a config file is found and the field is set)
  2. The default source directory when spec.workload.sourceDirectory is unset ("k8s" directory)
  3. The current directory (fallback when no ksail.yaml config file is found)

The validation process:
1. Validates individual YAML files (patch files referenced in kustomization.yaml via patches,
   patchesStrategicMerge, or patchesJson6902 are excluded — they are not valid standalone
   Kubernetes resources and are validated as part of the kustomize build output instead)
2. Validates kustomizations by building them with kustomize and validating the output

By default, Kubernetes Secrets are skipped to avoid validation failures due to SOPS fields.

Usage:
  validate [PATH] [flags]

Flags:
  -h, --help                     help for validate
      --ignore-missing-schemas   Ignore resources with missing schemas (default true)
      --skip-secrets             Skip validation of Kubernetes Secrets (default true)
      --strict                   Enable strict validation mode
      --verbose                  Enable verbose output

---
